// Jest Snapshot v1, https://goo.gl/fbAQLP

exports[`ErrorBox renders correctly 1`] = `
<ul
  className="box"
>
  <li
    className="message"
    role="alert"
  >
    error
  </li>
</ul>
`;
